// Jest Snapshot v1, https://goo.gl/fbAQLP

exports[`should display error message when encountered during fetch 1`] = `"There is an error: Oh oh."`;
